Domino's Pizza --> b120 c16 s1
Arbory Bar and Eatery --> b176 c23 s1
