Domino's Pizza --> b120 c23 s1
Arbory Bar and Eatery --> b176 c28 s1
Natural History Bar & Grill --> b224 c35 s1
Robot Sushi & Bar --> b144 c23 s1
Doughboys Doughnuts --> b160 c27 s1
Hana's Kitchen --> b120 c21 s1
Claypots Barbarossa --> b160 c28 s1
Peddler Tuck Shop CBD --> b176 c28 s1
Mankeumi --> b72 c16 s1
Cupanda Kitchen --> b128 c22 s1
Roberts Italian Restaurant --> b216 c32 s1
Geppetto Trattoria --> b152 c25 s1
Waterfront (Southgate) --> b184 c28 s1
Ponyfish Island --> b128 c23 s1
Cafenatics Forte --> b136 c25 s1
Kantina Kartel --> b120 c23 s1
Cafe Felice --> b96 c21 s1
Nando's Bourke Street --> b176 c30 s1
Dumpling Kingdom --> b136 c24 s1
Red Pepper Indian Restaurant --> b232 c34 s1
The League Of Honest Coffee --> b224 c36 s1
Troika Bar --> b88 c15 s1
Shuxiang Hot Pot --> b136 c24 s1
The Basement Cafe --> b144 c26 s1
Trotters Bistro --> b128 c20 s1
Tank Fish And Chippery --> b184 c29 s1
Avist Cafe --> b88 c17 s1
Bombini Buzz --> b104 c21 s1
Harbour Cafe --> b104 c20 s1
Dohtonbori --> b88 c19 s1
Stand Up Cafe --> b112 c21 s1
Pho Nom --> b64 c14 s1
Krispy Kreme --> b104 c19 s1
Macchiato On Collins --> b168 c28 s1
Code Black --> b88 c19 s1
Barbarella Gelato & Wine --> b200 c33 s1
The European --> b104 c20 s1
Miznon --> b56 c14 s1
Dragon Hot Pot --> b120 c22 s1
Pretty Boy Italian Steak House --> b248 c36 s1
Soul Origin --> b96 c18 s1
Nikko Sushi Noodle --> b152 c26 s1
Ormond Collective --> b144 c24 s1
Damon Bradley Southgate --> b192 c32 s1
Locale Coffee --> b112 c22 s1
Cafe Baci's --> b96 c22 s1
Broad Bean Organic Grocer --> b208 c32 s1
90 Secondi --> b88 c13 s1
365 Foodstore Docklands --> b192 c26 s1
Neo Lemonade --> b104 c20 s1
Igloo Cafe & St Moritz Bar --> b216 c33 s1
The Journal Canteen --> b160 c28 s1
Tako Sushi Japanses Cafe --> b200 c31 s1
Verandah Cafe --> b112 c19 s1
The King Hotel --> b120 c23 s1
Simpsons Chips & Burgers --> b200 c32 s1
Palermo --> b64 c14 s1
Princess Theatre --> b136 c23 s1
LYNS KITCHEN PTY LTD --> b168 c27 s1
Darac Grill & Bar --> b144 c26 s1
El Rincon --> b80 c16 s1
Pork Belly House Melbourne --> b216 c33 s1
Il Dolce Freddo --> b128 c22 s1
KL Bunga Raya --> b112 c19 s1
The Secret Recipe --> b144 c23 s1
Sir Osborn --> b88 c18 s1
Victoria's Secret Bar & Cafe --> b232 c34 s1
Beddgood & Co --> b112 c22 s1
Spanish Doughnuts --> b144 c24 s1
Hawkers Corner And Krabbys Crab Boil --> b296 c44 s1
La Belle Miette --> b128 c23 s1
Little Bean Blue --> b136 c25 s1
Larder Section --> b120 c22 s1
Anda Cafe --> b80 c15 s1
Kenny's Bakery Cafe --> b160 c28 s1
Nando's Melbourne Central --> b208 c34 s1
Gemma Simple Italian --> b168 c27 s1
St. Charly --> b88 c18 s1
Carlton Yacht Club Bar --> b184 c30 s1
Professor Walk Cafe --> b160 c26 s1
Court House Hotel --> b144 c26 s1
Pokapoka Japanese Restaurant --> b232 c36 s1
McDonald's --> b88 c18 s1
Spicy kitchen docklands --> b192 c30 s1
The Other Brother --> b144 c26 s1
Subway --> b56 c14 s1
Cafe Andiamo --> b104 c23 s1
Da Guido 365 --> b104 c20 s1
The Commercial Bakery --> b176 c30 s1
Heartbreaker --> b104 c19 s1
Klik Cafe --> b80 c17 s1
Shujinko Ramen --> b120 c22 s1
No 1 Delicious --> b120 c22 s1
Mixity Restaurant and Cafe --> b216 c34 s1
Flovie Florist Cafe --> b160 c26 s1
Bonnie & Duke Cafe --> b152 c27 s1
Belgian Beer Cafe Melbourne --> b224 c36 s1
Caffe Bambino Docklands --> b192 c32 s1
