Domino's Pizza --> b120 c20 s1
Arbory Bar and Eatery --> b176 c26 s1
Doughboys Doughnuts --> b160 c25 s1
Mankeumi --> b72 c12 s1
Cupanda Kitchen --> b128 c20 s1
The League Of Honest Coffee --> b224 c32 s1
Troika Bar --> b88 c13 s1
Shuxiang Hot Pot --> b136 c20 s1
The Basement Cafe --> b144 c21 s1
Tank Fish And Chippery --> b184 c26 s1
Dragon Hot Pot --> b120 c19 s1
The Journal Canteen --> b160 c24 s1
Princess Theatre --> b136 c20 s1
Darac Grill & Bar --> b144 c23 s1
El Rincon --> b80 c14 s1
Little Bean Blue --> b136 c20 s1
St. Charly --> b88 c15 s1
Court House Hotel --> b144 c22 s1
Subway --> b56 c11 s1
Shujinko Ramen --> b120 c18 s1
