Domino's Pizza --> b120 c29 s1
Arbory Bar and Eatery --> b176 c36 s1
Leap's Bakery Cafe --> b152 c31 s1
Best Western Melbourne City --> b224 c39 s1
Hudson's Coffee --> b128 c24 s1
Nando's --> b58 c18 s1
Cafe 34 --> b64 c20 s1
Roule Galette --> b112 c24 s1
Grill'd --> b58 c19 s1
Metro Burgers --> b112 c24 s1
Pastuso --> b64 c19 s1
Bowery to Williamsburg --> b184 c35 s1
Fonda Flinders Lane --> b160 c33 s1
Cecconi's Flinders Lane --> b192 c35 s1
Eastside --> b72 c20 s1
Natural History Bar & Grill --> b224 c38 s1
Robot Sushi & Bar --> b144 c30 s1
Three Drops Espresso --> b168 c31 s1
Allegro Restaurant --> b152 c31 s1
Mrs Singh --> b80 c21 s1
No35 --> b40 c15 s1
Di Stasio Citta --> b128 c27 s1
In Zone Cafe --> b104 c25 s1
Henry & The Fox --> b128 c26 s1
Royal Stacks --> b104 c23 s1
Curry Vault --> b96 c22 s1
Subway --> b50 c19 s1
Syracuse Wine Bar & Restaurant --> b248 c40 s1
Makan --> b48 c19 s1
Hopetoun Tea Rooms --> b152 c30 s1
1932 Cafe & Restaurant --> b184 c26 s1
Doughboys Doughnuts --> b160 c31 s1
Simply Spanish --> b120 c28 s1
Fjord --> b48 c17 s1
Iki-Jime --> b72 c19 s1
In a Rush Espresso --> b152 c31 s1
Laurent Boulangerie Patisserie --> b248 c44 s1
Gordons Cafe & Bar --> b152 c34 s1
VB Rolls --> b72 c17 s1
Da Rin --> b56 c19 s1
Soi 38 --> b56 c22 s1
Mail Exchange Hotel --> b160 c34 s1
Rice Paper Sister --> b144 c28 s1
Dari Korean Café And Bar --> b208 c39 s1
Mumchan --> b64 c18 s1
Triim --> b48 c16 s1
Mercure Welcome Hotel --> b176 c33 s1
Tim Ho Wan --> b88 c22 s1
Mrs Zan's Kitchen --> b144 c28 s1
Wagaya Japanese Restaurant --> b216 c36 s1
Teaser Fengcha --> b120 c27 s1
Udon Izakaya Maedaya --> b168 c29 s1
Rising Embers --> b112 c24 s1
Virgin Active Health Club --> b202 c34 s1
Bar Clara --> b80 c24 s1
Recoleta --> b72 c19 s1
Siglo Bar --> b80 c23 s1
Common Place Coffee Brewers --> b224 c42 s1
Banoi --> b48 c18 s1
Michelangelo --> b104 c25 s1
Hana's Kitchen --> b120 c27 s1
Claypots Barbarossa --> b160 c31 s1
Nelayan --> b64 c19 s1
Dumplings Plus --> b120 c25 s1
Peddler Tuck Shop CBD --> b176 c33 s1
Gami At Healeys - Chicken & Beer --> b264 c47 s1
Mankeumi --> b72 c24 s1
G2 Korean BBQ --> b112 c21 s1
Easy Pot --> b72 c20 s1
Hadware Street Cafe --> b160 c31 s1
Whisky and Alement --> b152 c28 s1
Melbourne Whisky Room --> b176 c34 s1
Bros Sushi --> b88 c22 s1
Coopers Inn --> b96 c25 s1
Standard Coffee --> b128 c31 s1
Goz City --> b72 c22 s1
Kings and Knaves Espresso --> b208 c37 s1
Green Me Yoghurt --> b136 c29 s1
Asian Beer Cafe --> b128 c28 s1
Troika Bar --> b88 c21 s1
Charles LaTrobe Coffee Co --> b208 c38 s1
Druids Cafe --> b96 c23 s1
Cupanda Kitchen --> b128 c26 s1
Tea Bag --> b64 c19 s1
Shujinko Ramen --> b120 c26 s1
Josies Food Bar --> b128 c25 s1
Milk The Cow --> b104 c24 s1
The Heart of Carlton --> b168 c36 s1
Yo-Chi --> b56 c14 s1
Brew Culture --> b104 c22 s1
Sushi Ten --> b80 c25 s1
Calrton Pizzeria Bar and Restaurant --> b288 c48 s1
The Graduate Union of the University of Melbourne --> b400 c66 s1
Don Tojo --> b72 c24 s1
Pepper alley --> b104 c23 s1
Seasons Provedore --> b144 c30 s1
Il Gambero On The Park --> b184 c36 s1
Roberts Italian Restaurant --> b216 c39 s1
Mad Hare --> b72 c24 s1
Briscola Espresso --> b144 c29 s1
Briscola Cafe --> b112 c25 s1
No 1 Delicious Hotpot And Bbq --> b240 c40 s1
Carlton Cafe --> b104 c26 s1
North End Deli --> b120 c26 s1
Sublime cafe --> b104 c26 s1
Kebab Connection --> b136 c28 s1
Hallah --> b56 c19 s1
I Wrap Cafe --> b96 c19 s1
Affinity On Errol --> b144 c27 s1
Katmandu Cottage --> b136 c27 s1
Lukumades --> b80 c21 s1
Soolzip Korean --> b120 c30 s1
Geppetto Trattoria --> b152 c30 s1
Magnolia Court Boutique Hotel --> b240 c43 s1
My Sushi Japanese Cafe --> b184 c31 s1
Sir Osborn --> b88 c23 s1
Victoria's Secret Bar & Cafe --> b232 c39 s1
Mugs Alley --> b88 c21 s1
Shuji Sushi --> b96 c23 s1
Story So Far --> b104 c27 s1
Centro --> b56 c18 s1
Bombini Buzz --> b104 c27 s1
Waterfront (Southgate) --> b184 c32 s1
Lindt --> b48 c19 s1
Ponyfish Island --> b128 c27 s1
Cafe Promenade --> b120 c29 s1
Mad Duck Cafe --> b112 c28 s1
Left Bank Melbourne --> b160 c33 s1
Frankie Walter Peta --> b160 c31 s1
V P R Vietnamese Pork Roll --> b216 c34 s1
Melbourne Public --> b136 c30 s1
Schnitz --> b58 c18 s1
Paris by night --> b120 c26 s1
Saporito Cafe Bar & Grill --> b208 c38 s1
Lisa Bolte dancers'  Lounge --> b224 c40 s1
Gilson --> b56 c19 s1
Alfretti Cafe --> b112 c26 s1
Quality Hotel --> b112 c22 s1
Parkville Store --> b128 c27 s1
McDonalds Royal Children's Hospital --> b288 c47 s1
Teej Cafe --> b80 c20 s1
The Nixon Hotel --> b128 c31 s1
Asuka Sushi --> b96 c23 s1
VinTam's Bakery --> b128 c26 s1
Blended Beard --> b112 c26 s1
Smokestak --> b80 c22 s1
Tap 831 --> b64 c17 s1
Code Black --> b88 c25 s1
Street Kitchen Co --> b144 c32 s1
Chia Chia --> b80 c23 s1
Cafenatics Forte --> b136 c30 s1
Urban Alley Brewery --> b160 c28 s1
Dohtonbori --> b88 c24 s1
Jon Smith Subs Docklands --> b200 c35 s1
Boost Juice Waterfront City --> b224 c43 s1
Yassas --> b56 c15 s1
Bababoi --> b64 c20 s1
Crust Gourmet Pizza Bar Kensington --> b280 c44 s1
Pilgrim Bar --> b96 c25 s1
Beer De Luxe --> b104 c26 s1
Transit Rooftop Bar --> b160 c30 s1
Altius Coffee Brewers --> b176 c32 s1
Flinders Kebab --> b120 c27 s1
Williams Bar Cafe --> b144 c27 s1
Gami Chicken & Beer --> b160 c34 s1
Sushi Hub Elizabeth Street --> b216 c44 s1
Heart Baker Bun Mee --> b160 c29 s1
The Journal Canteen --> b160 c35 s1
Cafe Andiamo --> b104 c29 s1
Seedling Cafe --> b112 c26 s1
Om Nom Kitchen --> b120 c27 s1
The French Brasserie --> b168 c36 s1
Espresso Bar International --> b216 c37 s1
Market Lane Bar --> b128 c29 s1
Sensory Lab --> b96 c24 s1
Midtown Cafe & Catering --> b192 c35 s1
Bistro Du Peuple --> b136 c29 s1
Sofi's Lounge --> b112 c27 s1
Roll'D Collins Place --> b168 c32 s1
Apna Desi Indian Restaurant --> b224 c38 s1
Kantina Kartel --> b120 c25 s1
Dikstein's Corner Bar --> b176 c35 s1
PappaRich 360 Collins --> b176 c32 s1
Cafenatics Equitable Place --> b216 c40 s1
Sushi Hut --> b80 c27 s1
La Creperie Saint- Germain --> b216 c41 s1
Garcon Paris Steakhouse --> b192 c37 s1
Liaision --> b72 c22 s1
Coffee Exchange --> b128 c31 s1
Cafe Felice --> b96 c27 s1
Bar Ampere --> b88 c25 s1
Axil Coffee Roasters --> b168 c29 s1
The Meating House --> b144 c33 s1
Izakaya Den --> b96 c21 s1
Nando's Bourke Street --> b176 c34 s1
Waiters Restaurant --> b152 c28 s1
San Telmo Restaurant --> b168 c34 s1
Hotel Windsor --> b112 c27 s1
Ha Ha Tea --> b80 c19 s1
Kedai Satay --> b96 c23 s1
Crisp Creative Salad --> b168 c32 s1
Sakae --> b48 c19 s1
Dumpling Kingdom --> b136 c28 s1
Little Curry Authentic Cuisine --> b248 c46 s1
Grill'd Healthy Burgers --> b192 c36 s1
Gyoza Gyoza & Momo Shabu Shabu --> b248 c42 s1
Self Preservation --> b144 c31 s1
Arlechin --> b72 c21 s1
Punch Lane Wine Bar/Restaurant --> b248 c39 s1
Bamboo House --> b104 c25 s1
Red Pepper Indian Restaurant --> b232 c40 s1
The Mill --> b72 c26 s1
Il Nostro Posto --> b128 c28 s1
YourThai Rice & Noodle Bar --> b216 c34 s1
Le Charme --> b80 c22 s1
Dragon Hot Pot --> b120 c26 s1
Nam Loong Restaurant --> b168 c31 s1
Korean BBQ Buffet --> b144 c30 s1
Wonton Master --> b112 c23 s1
NANA Australia --> b120 c22 s1
CJ Lunchbar --> b96 c19 s1
Papparich --> b80 c20 s1
Grill'd (QV) --> b104 c25 s1
Uncle 8 --> b64 c16 s1
Sulbing Dessert Bar --> b160 c34 s1
Coco and Joe --> b104 c26 s1
Mad Mex --> b64 c23 s1
Suzi jiro --> b80 c23 s1
Frozen by a Thousand Blessings --> b248 c41 s1
Wonder Bowl --> b96 c21 s1
Tealive --> b64 c19 s1
The League Of Honest Coffee --> b224 c43 s1
The Dispensa --> b104 c29 s1
Smile Bread --> b96 c24 s1
Shuxiang Hot Pot --> b136 c28 s1
The Basement Cafe --> b144 c33 s1
Dear Fry Day --> b104 c27 s1
Blu Point Caffe --> b128 c27 s1
Menya Ramen --> b96 c23 s1
Phancy Catering --> b128 c26 s1
McDonalds --> b74 c20 s1
DDDumplings --> b96 c21 s1
David's Master Pot --> b152 c32 s1
Degani Bakery Cafe --> b152 c35 s1
Tiamo Coffee --> b104 c25 s1
Trotters Bistro --> b128 c27 s1
Donnini's Restaurant --> b168 c35 s1
Bloom Coffee Bar --> b136 c29 s1
Books N Bites Cafe --> b152 c34 s1
Delect A Bowl --> b112 c27 s1
Tabouli --> b64 c18 s1
Thai City Restaurant --> b168 c32 s1
D'Penyetz & D'Cendol --> b168 c29 s1
Tank Fish And Chippery --> b184 c36 s1
Cafe Tre Sette --> b120 c30 s1
Mama Tsai --> b80 c24 s1
A Cafe Called John --> b152 c27 s1
Cream & Crumbs --> b120 c25 s1
Dr Dax Kitchen --> b120 c25 s1
Oriental House --> b120 c24 s1
Joe Taylor --> b88 c21 s1
Salt Seafood and Burger Bar --> b224 c42 s1
Roasting Warehouse --> b152 c30 s1
Classic Curry Company --> b176 c33 s1
Avist Cafe --> b88 c20 s1
Tong Fu Garden Melbourne --> b200 c36 s1
Chimac the Korean Bistro --> b200 c40 s1
Gap Cafe --> b72 c22 s1
Magic Hand Car Wash West Melbourne --> b280 c48 s1
Headquarters Tavern --> b160 c29 s1
Kiwi Tribeca Fish Burger Bar --> b232 c39 s1
Edwin's Cafe --> b104 c24 s1
Giro D’Italia --> b128 c27 s1
Circolo --> b64 c20 s1
Humbaba --> b64 c17 s1
Hophaus --> b64 c19 s1
Red Emperor --> b96 c23 s1
Portside Deli --> b112 c26 s1
Pier 35 Bar & Grill --> b160 c31 s1
Ootoro --> b56 c19 s1
Soho Restaurant & Bar --> b176 c37 s1
Asado Bar y Grill --> b144 c30 s1
Upstanding Citizens --> b154 c27 s1
Common Man --> b88 c26 s1
Jardin Tan --> b88 c19 s1
Super 8 --> b64 c22 s1
Isabella --> b72 c18 s1
Lakeside Bistro And Function Centre --> b288 c49 s1
Melbourne Stadiums Limited --> b216 c40 s1
Harbour Cafe --> b104 c27 s1
Katsu House --> b96 c22 s1
Sergy Boy --> b80 c20 s1
O-Bento --> b64 c15 s1
Platform 28 --> b96 c23 s1
Coffee Gauge --> b104 c28 s1
Indi Hots Indian Restaurant --> b224 c40 s1
Tsukino Snizuku --> b128 c25 s1
Spicy Kitchen Docklands --> b192 c36 s1
Nourish-D --> b80 c21 s1
Solidaire Victoria --> b152 c34 s1
Steakhouse Grill 66 --> b160 c35 s1
Cargo --> b48 c17 s1
All Smiles --> b88 c22 s1
san churro docklands --> b168 c24 s1
Miss Pings Thai Eatery --> b184 c34 s1
Cafe Bourgeois --> b120 c32 s1
Perso --> b48 c16 s1
Melba Social --> b104 c24 s1
Argi --> b40 c18 s1
The Quiet Man Irish Pub --> b192 c37 s1
Nandos Northbank --> b136 c27 s1
Chocolate Buddha --> b136 c29 s1
Delhi Streets --> b112 c28 s1
Punthill Melbourne Northbank / Mini Bar --> b320 c48 s1
Stand Up Cafe --> b112 c29 s1
Kobab --> b48 c18 s1
Degraves Espresso --> b144 c33 s1
The Quarter --> b96 c26 s1
Buddabah --> b72 c20 s1
Earl Canteen --> b104 c24 s1
Pho Nom --> b64 c19 s1
Krispy Kreme --> b104 c21 s1
Little Bean Bambini --> b160 c35 s1
Aix Cafe Creperie Salon --> b192 c34 s1
Miss Siam --> b80 c21 s1
Yuzu Cafe & Cuisine --> b160 c26 s1
Macchiato On Collins --> b168 c33 s1
Koi Koi --> b64 c20 s1
Barbarella Gelato & Wine --> b200 c37 s1
Delhi Rocks --> b96 c26 s1
Market Lane Coffee --> b152 c32 s1
Royal Melbourne Hotel --> b176 c32 s1
Famish'd --> b72 c18 s1
Spin Coffee --> b96 c24 s1
Pok Pok Junior --> b120 c26 s1
Simpsons Chips & Burgers --> b200 c38 s1
The Crafty Squire --> b144 c34 s1
Tsujiri --> b64 c17 s1
Ishizuka --> b72 c18 s1
Gyoza Douraku --> b112 c25 s1
Poked --> b48 c18 s1
Sempre Pizza & Calzone --> b184 c36 s1
Shanghai Master Dumpling --> b200 c37 s1
La Di Da --> b72 c22 s1
Roll'D Vietnamese Kitchen --> b208 c37 s1
Brewer's Place --> b120 c24 s1
The Taste of Korchi City --> b200 c38 s1
Lulu's Char Koay Teow --> b176 c34 s1
Palermo --> b64 c18 s1
Two Peck Crispy Chicken --> b192 c33 s1
The Lab - Nitrogen Gelato --> b208 c41 s1
Musashi Ramen Restaurant --> b200 c34 s1
Tan Hot Pot --> b96 c24 s1
Mrs Parma's --> b96 c23 s1
The European --> b104 c29 s1
District Mot Vietnamese --> b192 c36 s1
Rolling Nori --> b104 c23 s1
Miznon --> b56 c18 s1
Hawker Boys --> b96 c26 s1
China Bar --> b80 c24 s1
Old Crystal Jade Steamboat --> b216 c39 s1
William St Deli --> b128 c25 s1
Ten Square Cafe --> b128 c25 s1
Sizzling Braised Pot Mel --> b200 c37 s1
Gypsy & Pig --> b96 c22 s1
Pretty Boy Italian Steak House --> b248 c39 s1
Gong Cha --> b72 c22 s1
The Mint Bar & Restaurant --> b208 c43 s1
Krimper --> b64 c16 s1
Soul Origin --> b96 c25 s1
Lord of the Fries Melbourne Central --> b288 c48 s1
Rustica --> b64 c15 s1
City Of Melbourne Bowls Club Inc --> b264 c45 s1
The Jazz Corner Cafe --> b168 c36 s1
B Churrasco --> b96 c19 s1
Canton Fast Food --> b136 c29 s1
The Wharf Hotel --> b128 c30 s1
Yarra Dragon --> b104 c21 s1
Toothpicks Cafe --> b128 c27 s1
Adonai Foods --> b104 c22 s1
Cafe Lua --> b72 c24 s1
Cinema Nova --> b96 c23 s1
Sea salt kitchen --> b136 c29 s1
The Vertue of the Coffee Drink --> b248 c45 s1
DOC Espresso --> b104 c22 s1
East Imperial --> b112 c26 s1
Fu Lu Chinese Cafe --> b152 c28 s1
Lanzhou Beef Noodle Bar --> b192 c38 s1
Rice Bar Not Only Rice --> b184 c32 s1
Subway Carlton --> b120 c28 s1
Hwatu --> b48 c14 s1
Cafe Notturno --> b112 c29 s1
Spaghettata Restaurant --> b184 c36 s1
Ziyka Restaurant --> b136 c22 s1
El GIza Bar and Lounge --> b184 c34 s1
Bar Scopa --> b80 c22 s1
Yunique --> b64 c14 s1
Bobby Dre's --> b96 c24 s1
Miami Hotel Melbourne --> b176 c34 s1
Common Ground Coffee --> b168 c36 s1
Don't Tell Charles Coffee & Desserts --> b296 c52 s1
Nikko Sushi Noodle --> b152 c28 s1
Solah --> b48 c21 s1
East Side Story Cafe --> b168 c33 s1
Cafe Lansdowne --> b120 c31 s1
Zouki on the Park --> b144 c23 s1
Treasury Cafe --> b112 c24 s1
The Glasshouse Eatery --> b176 c37 s1
McDonald's --> b88 c21 s1
Ormond Collective --> b144 c27 s1
Pizza Forno --> b96 c22 s1
Teatro --> b56 c19 s1
Gallery Kitchen --> b128 c29 s1
Tutto Bene --> b88 c20 s1
Miyako Japanese Cuisine & Teppanyaki --> b296 c49 s1
Damon Bradley Southgate --> b192 c37 s1
Locale Coffee --> b112 c25 s1
Hooks @ The Yarra --> b144 c28 s1
KFC --> b32 c12 s1
Hopscotch --> b80 c20 s1
Ludlow Bar & Dining Room --> b200 c36 s1
Jiao Zi --> b64 c17 s1
Bluebag Fresh --> b112 c26 s1
Cafe Baci's --> b96 c29 s1
Rockpool Bar & Grill --> b168 c33 s1
Silks --> b48 c19 s1
Akachochin --> b88 c21 s1
Broad Bean Organic Grocer --> b208 c36 s1
Entrecote - Paris Steakhouse & Winebar --> b312 c49 s1
Noughts and Crosses Cafe --> b200 c37 s1
90 Secondi --> b88 c13 s1
That Coffee Corner --> b152 c30 s1
Chilli India --> b104 c28 s1
Sushi & Nori --> b104 c27 s1
Watermark Docklands --> b160 c29 s1
pouring for a purpose --> b176 c25 s1
Southern China Style Cuisine --> b232 c43 s1
Signature Pho Viet --> b152 c32 s1
365 Foodstore Docklands --> b192 c28 s1
Neo Lemonade --> b104 c25 s1
Steakhouse 66 --> b112 c29 s1
Berth Restaurant --> b136 c28 s1
Buffalos Docklands --> b152 c30 s1
Igloo Cafe & St Moritz Bar --> b216 c37 s1
Pud Thai Vs Pho --> b128 c24 s1
Mr Tucker --> b80 c20 s1
Upstanding Citizens Flinders --> b232 c37 s1
Queen's Kebabs --> b120 c23 s1
Hella Good --> b88 c21 s1
Little Cupcakes --> b128 c31 s1
Movida Next Door --> b136 c27 s1
Coda Bar & Restaurant --> b176 c36 s1
The Duke of Wellington --> b184 c38 s1
A Hereford Beefstouw --> b168 c29 s1
Lee Ho Fook --> b96 c25 s1
Cafenatics 367 --> b120 c27 s1
Cafe Vicolino --> b112 c29 s1
Eurolane Cafe --> b112 c23 s1
Tako Sushi Japanses Cafe --> b200 c36 s1
Oda Sushi --> b80 c20 s1
Maccaroni Trattoria Italiana --> b232 c41 s1
Binary 101 --> b88 c23 s1
Southern Xross Kebabs --> b176 c36 s1
Massi --> b48 c17 s1
Bon --> b25 c18 s1
Oh Banh Mi --> b88 c21 s1
Pentolina --> b80 c21 s1
Dodee Paidang Thai Bar And Cafe --> b256 c45 s1
30 Block Place --> b120 c19 s1
Burger Project St. Collins Lane --> b256 c42 s1
Thai Viet --> b80 c21 s1
Verandah Cafe --> b112 c24 s1
Sakura Kaiten Sushi --> b160 c33 s1
The King Hotel --> b120 c30 s1
Chancery Lane --> b112 c26 s1
Gopal's Vegetarian Restaurant --> b240 c45 s1
The Carlton Hotel --> b144 c35 s1
L'Incontro --> b88 c18 s1
Madam Brussels --> b120 c28 s1
Sal's Authentic New York Pizza --> b248 c45 s1
The Grand Trailer Park Taverna --> b248 c47 s1
Back Velvet Coffee --> b152 c31 s1
Lord of the Fries --> b138 c29 s1
Rock the Wok --> b104 c25 s1
Chiki Chiki --> b96 c25 s1
Larder Section --> b120 c28 s1
Kaneda Japanese Restaurant --> b216 c37 s1
Welcome Stranger --> b136 c25 s1
D'Marcos  Espresso Bar --> b184 c31 s1
The Elephant and Wheelbarrow --> b232 c44 s1
Traveller --> b80 c20 s1
Juliet Melbourne --> b136 c24 s1
Princess Theatre --> b136 c26 s1
Brown Alley Night Club / Colonial Hotel --> b320 c51 s1
Schmucks Bagels --> b128 c27 s1
Sool Tong --> b80 c25 s1
Chokolait --> b80 c22 s1
Bar Napoli --> b88 c24 s1
Tina's Noodle Kitchen --> b176 c33 s1
Minh Xuong Seafood & BBQ Restaurant --> b288 c47 s1
Hawker Chan --> b96 c26 s1
Shou Sumiyaki --> b112 c27 s1
Jang Go Mama --> b104 c21 s1
Supagrind --> b80 c24 s1
Benny's Bakery Cafe --> b160 c32 s1
Schnitz QV --> b88 c22 s1
Breadtop Bakery --> b128 c25 s1
Melina on the Rooftop --> b176 c33 s1
Shanxi Street Food --> b152 c31 s1
Degani At Madame Brussels Lane --> b248 c48 s1
Bluebag --> b58 c19 s1
LYNS KITCHEN PTY LTD --> b168 c29 s1
Tao's Asian BBQ Kitchen --> b192 c36 s1
Shortstop Coffee & Donuts --> b208 c39 s1
Biryani House --> b112 c26 s1
Darac Grill & Bar --> b144 c31 s1
GJ's Grill --> b88 c19 s1
Alex Canteen --> b104 c25 s1
Market Espresso & Trolley Hire --> b248 c42 s1
El Rincon --> b80 c21 s1
Roasted@Qvm --> b96 c23 s1
3 Brothersss --> b104 c16 s1
Pork Belly House Melbourne --> b216 c39 s1
Baraonda --> b72 c21 s1
E Dumpling --> b88 c18 s1
University Cafe --> b128 c24 s1
Tiamo 2 --> b64 c20 s1
Masani Italian Dining & Terrace --> b256 c43 s1
Lincoln Bakery Cafe --> b160 c33 s1
Norsiah's Kitchen --> b144 c29 s1
Cafe Cavallino --> b120 c32 s1
Lygon Charcoal Grill & Steakhouse --> b272 c44 s1
Killiney Kopitiam --> b144 c29 s1
Lambs Restaurant --> b136 c31 s1
Il Dolce Freddo --> b128 c29 s1
Toto's Pizza --> b104 c24 s1
Universal Pizza --> b128 c24 s1
127 Cafe Go --> b96 c16 s1
Super Ling --> b88 c25 s1
The Queensberry Pour House --> b216 c41 s1
Mr Bello --> b72 c21 s1
Jang Gun Restaurant --> b160 c28 s1
Pioneer Pizza A --> b128 c28 s1
Papa Guiseppe Pizza & Pasta --> b224 c38 s1
Townhall Hotel North Melbourne --> b248 c42 s1
French Quarter Patisserie --> b208 c37 s1
KL Bunga Raya --> b112 c22 s1
Smile Thai Restaurant --> b176 c34 s1
The Secret Recipe --> b144 c31 s1
Il Duca Restaurant --> b152 c32 s1
Square & Compass --> b136 c28 s1
Beddgood & Co --> b112 c27 s1
Dish / Royce Hotel --> b152 c31 s1
Jarrah Restaurant & Bar --> b192 c32 s1
In a Rush --> b74 c21 s1
Sassone Cucina Italiana --> b192 c37 s1
Lucky Chan's --> b104 c24 s1
Margo's --> b64 c19 s1
Man Tong Kitchen --> b136 c31 s1
Cervo --> b48 c16 s1
Dock 37 Bar & Kitchen --> b176 c35 s1
Mesh --> b40 c16 s1
Dee Casa --> b72 c24 s1
Riverside Skate Park --> b168 c31 s1
The Atlantic Group --> b152 c33 s1
Tea rooms and Terrace Royal Botanic Gardens --> b352 c55 s1
Bacash --> b56 c19 s1
University High School Canteen --> b248 c40 s1
Network Public Bar & Pizzeria --> b240 c40 s1
Spanish Doughnuts --> b138 c30 s1
Red Rooster --> b96 c23 s1
Bito Beans --> b88 c22 s1
Harbour Coffee House --> b168 c35 s1
Hawkers Corner And Krabbys Crab Boil --> b296 c50 s1
Belluno Wine Bar --> b136 c29 s1
Kenny's Bakery Cafe --> b160 c30 s1
Vintams Cafe --> b104 c24 s1
Capri Cafe & Lounge --> b160 c31 s1
Gelatoria On the Docks --> b184 c35 s1
Carl's Jr Docklands --> b160 c31 s1
Fruits of Passion --> b144 c27 s1
Pimm Thai Cafe --> b120 c28 s1
La Tortilleria --> b120 c27 s1
Cheeky Brothers --> b128 c28 s1
Tokyo Maki --> b88 c21 s1
Hunters' Roots --> b120 c24 s1
Pepperoni's --> b96 c23 s1
The Joint Bar --> b112 c29 s1
Pho Kingdom And Cafe --> b168 c32 s1
Maha Restaurant --> b128 c30 s1
Dukes Coffee Roasters --> b176 c32 s1
Platform 270 --> b104 c24 s1
Bullrun --> b64 c18 s1
Bluestone Wine Lounge --> b176 c34 s1
Alluvial Restaurant --> b160 c32 s1
Om Vegetarian --> b112 c26 s1
Ganache Chocolate Lounge --> b200 c37 s1
Pope Joan --> b80 c22 s1
Perk Up Cafe Burger Bar --> b192 c35 s1
Intimo --> b56 c19 s1
Da Guido 365 --> b104 c25 s1
La Belle Miette --> b128 c30 s1
Little Bean Blue --> b136 c32 s1
Saint & Rogue --> b112 c27 s1
Kinship & Co --> b104 c24 s1
Mr Fusion --> b80 c22 s1
Pho Nung Vietnamese Restaurant --> b248 c42 s1
Oli & Levi --> b88 c23 s1
Embla --> b48 c17 s1
Brioche by Phillip --> b152 c29 s1
Tropicana Juice Bar --> b160 c31 s1
Bincho Boss --> b96 c24 s1
Happylemon Chinatown --> b168 c34 s1
SPQR Pizzeria --> b112 c22 s1
Colonial Hotel / Brown Alley Night Club --> b320 c54 s1
Bergerac --> b72 c20 s1
The Essoign Club --> b136 c33 s1
Radar --> b48 c15 s1
Gatboy --> b56 c19 s1
Curry Bowl --> b88 c21 s1
Home Kitchen & Bar --> b152 c29 s1
Father John Cafe --> b136 c26 s1
Anda Cafe --> b80 c20 s1
Gangnam Pocha --> b112 c26 s1
Delicious Asian Cuisines & Pho --> b248 c45 s1
Hash Specialty Coffee --> b176 c36 s1
Hanshin Pocha Melbourne --> b192 c36 s1
Sushi Jiro QV --> b112 c31 s1
Basil With Thyme --> b136 c28 s1
Grounds of Arcadia --> b152 c31 s1
Sam Spade --> b80 c24 s1
365 Food Store & Raw Taste Project --> b280 c39 s1
Top Juice --> b80 c20 s1
Nando's Melbourne Central --> b208 c38 s1
Gotcha Melbourne Central --> b200 c39 s1
D House Cafe --> b104 c21 s1
The Moat Bar & Cafe --> b160 c36 s1
Fraser Place Melbourne --> b184 c34 s1
Aki Sushi --> b80 c20 s1
Lost Angel Bar & Restaurant --> b224 c40 s1
Rice Too Asian Cuisine --> b184 c33 s1
Cherry Lane Fine Foods --> b184 c35 s1
Little Bang Espresso --> b168 c36 s1
The Terrace On Exhibition --> b208 c39 s1
Diner on Franklyn --> b144 c31 s1
Biang Biang Elizabeth --> b176 c34 s1
Plus 852 Cafe --> b112 c25 s1
Nene Chicken --> b104 c25 s1
Market Lane Cafe --> b136 c30 s1
Sarawak Kitchen --> b128 c29 s1
Tang's Spicy Hot Pot --> b168 c34 s1
Hotel Ibis --> b88 c23 s1
Dumpling ADA --> b104 c24 s1
Vincent The Dog --> b128 c27 s1
Gemma Simple Italian --> b168 c33 s1
St. Charly --> b88 c23 s1
Carlton Yacht Club Bar --> b184 c35 s1
Haymarket Place --> b128 c27 s1
XD Fresh --> b72 c15 s1
Tutto Premium Frozen Yogurt And Dessert --> b320 c49 s1
Flavours of Indus --> b144 c29 s1
Wokks --> b48 c15 s1
Chinger Biang Biang Noodle --> b216 c41 s1
Carlton Megabytes --> b144 c31 s1
Egg Sake Bistro --> b128 c27 s1
Professor Walk Cafe --> b160 c29 s1
Beatrix Cafe --> b104 c25 s1
Big Bang Yogurt --> b128 c28 s1
Court House Hotel --> b144 c31 s1
Mork Chocolate --> b120 c25 s1
The Castle Hotel --> b136 c34 s1
So Thai --> b64 c19 s1
Chickilia --> b80 c23 s1
Hungry Jack's --> b112 c23 s1
Pokapoka Japanese Restaurant --> b232 c41 s1
Freeo's --> b64 c19 s1
Park Hyatt Melbourne --> b168 c32 s1
Nar Bangkok --> b96 c23 s1
Tokyo Sushi Kitchen --> b160 c30 s1
A Treat of France --> b144 c25 s1
Human Beans --> b96 c21 s1
The Deck --> b72 c25 s1
Designed For Livin --> b152 c31 s1
Hudsons Coffee Port Melbourne --> b240 c39 s1
Belgian Beer Cafe Melbourne --> b224 c40 s1
Cote Terra Adicion --> b152 c32 s1
Powered by Cote Terra --> b176 c33 s1
Nobu Melbourne --> b120 c26 s1
Emporio Pizza & Pasta --> b176 c33 s1
SHO Noodles --> b96 c20 s1
Boho --> b40 c18 s1
Meat Market South Wharf --> b192 c34 s1
Plus 5 --> b56 c18 s1
BangPop --> b64 c20 s1
Sopranos --> b72 c23 s1
Alf's Cafe --> b88 c23 s1
Aruba Espresso Cafe --> b160 c31 s1
Degani @ Southern Cross Station --> b256 c49 s1
Coffee n' all Customs House --> b224 c42 s1
Peppers Docklands Hotel --> b192 c35 s1
Ilza --> b40 c16 s1
Ibean --> b48 c16 s1
Espresso Alto --> b112 c24 s1
11 Inch Pizzeria Docklands --> b216 c31 s1
De Mad Hatter --> b112 c25 s1
Off With the Ferries --> b168 c31 s1
Billy Barista --> b112 c26 s1
The Other Brother --> b144 c33 s1
Sori Cafe --> b80 c24 s1
Food Hall --> b80 c23 s1
Grain Store --> b96 c24 s1
Sushi Lian --> b88 c27 s1
The Organic Food & Wine Deli --> b232 c44 s1
Spanish Doughnuts El Churro Cafe --> b264 c46 s1
Swanston Halal Food Centre --> b216 c38 s1
The Adelphi Hotel --> b144 c32 s1
Eau-De-Vie --> b88 c21 s1
Virgin Active Health Club Collins Street --> b328 c50 s1
Tian38 --> b56 c19 s1
The Soup Place --> b120 c28 s1
Howitt House --> b104 c24 s1
Henry and the Fox --> b144 c28 s1
Melbourne Savage Club --> b176 c35 s1
Little Brother Kitchen & Bar --> b232 c43 s1
Momo Central --> b104 c23 s1
Hudsons Elizabeth Street --> b200 c34 s1
Five Points Cafe --> b136 c28 s1
The Commercial Bakery --> b176 c38 s1
Neapoli Wine Bar --> b136 c27 s1
Straight Outta Saigon --> b176 c36 s1
Lighthouse Cafe / The Salvation Army (Victoria) Property Trust --> b504 c76 s1
Shanghai Shifu Dumpling --> b192 c36 s1
Hilton Melbourne Little Queen Street --> b296 c46 s1
Korchi City --> b96 c24 s1
Corner & Bench --> b120 c27 s1
Westlake Restaurant --> b160 c28 s1
FM Karaoke Bar --> b120 c22 s1
Flower Drum --> b96 c25 s1
Isan Soul Thai Street Food --> b216 c36 s1
David's Spicy Pot --> b144 c31 s1
City Wine Shop --> b120 c27 s1
Glory Cakes --> b96 c24 s1
Noodle Lab --> b88 c22 s1
Speck Cafe --> b88 c24 s1
Little Ramen Bar --> b136 c29 s1
Xinjiang Lamian Restaurant --> b216 c33 s1
A25 Pizzeria --> b104 c20 s1
Mao Please --> b88 c25 s1
Yamato Japanese Restaurant --> b216 c34 s1
Empress of China --> b136 c28 s1
Heartbreaker --> b104 c22 s1
Cafe Le Petite Bourke Patisserie --> b264 c49 s1
Sunda --> b48 c20 s1
House Blend --> b96 c24 s1
Red Cliff Chinese Restaurant --> b232 c40 s1
Hanaichi --> b72 c21 s1
Foglia Di Fico --> b120 c27 s1
Perch Cafe --> b88 c22 s1
Qipo Hot Pot --> b104 c20 s1
Fourteen on 10 --> b120 c26 s1
Reverie Cafe --> b104 c22 s1
Cupcake Central --> b128 c26 s1
Guzman Y Gomez Swanston Street --> b248 c42 s1
Mr Kitchen --> b88 c22 s1
Vanilla Bean --> b104 c23 s1
Gami Training Centre --> b168 c34 s1
Tigerous Espresso --> b144 c29 s1
Little Chef --> b96 c26 s1
Operator 25 --> b96 c21 s1
Klik Cafe --> b80 c21 s1
Damiao Panda Fan --> b136 c30 s1
Pearson and Murphy's Cafe --> b208 c37 s1
Pelicana Fried Chicken And Beer --> b256 c43 s1
No 1 Delicious --> b114 c24 s1
South Melbourne Dim Sims Pty Ltd --> b264 c46 s1
Market Kebab Cafe --> b144 c30 s1
Le Miel Et Le Lune --> b152 c31 s1
Bossa Nova Coffee And Friends --> b240 c42 s1
Pagla --> b48 c16 s1
Doc Pizza & Mozarella Bar --> b208 c39 s1
Mantra Lounge --> b112 c29 s1
Mixity Restaurant and Cafe --> b216 c39 s1
Nasi Lemak House --> b136 c28 s1
Little Lygon Restaurant --> b192 c37 s1
Arabesque --> b80 c24 s1
Flovie Florist Cafe --> b160 c33 s1
Tuantuan Chinese Brasserie --> b216 c36 s1
University House Club --> b176 c31 s1
The Ida Bar --> b96 c27 s1
New Lanna Thai --> b120 c25 s1
Butcher Shop Cafe --> b144 c28 s1
Kensington Canteen --> b152 c29 s1
Hatchd Chicken --> b120 c28 s1
Hotel Pullman on The Park --> b208 c39 s1
Delisure Kitchen --> b136 c31 s1
The Cupcake Queens --> b152 c35 s1
Calla & Gardenia The Florist --> b232 c41 s1
Slater St Bench --> b128 c28 s1
Moody Brew Coffee Bar --> b176 c32 s1
Spudbar @ Chevron --> b144 c29 s1
Malthouse Cafe --> b120 c29 s1
La Camera --> b80 c24 s1
Commodity Cafe --> b120 c29 s1
Bonnie & Duke Cafe --> b152 c34 s1
Workshop Brothers --> b144 c26 s1
DOC Southbank --> b112 c23 s1
Crown Entertainment Complex --> b224 c39 s1
Southside Coffee Co --> b160 c34 s1
Domain Brasserie --> b136 c31 s1
Bistro Gitan --> b104 c25 s1
Cafe Alfretti --> b112 c30 s1
Simply Indian --> b112 c27 s1
Noulboo --> b64 c20 s1
On The Grind Melbourne --> b184 c35 s1
Ginger Leaf Thai Restaurant --> b224 c40 s1
Gokotta Kaffe --> b112 c27 s1
Grain & Vine on Merchant --> b200 c37 s1
Caffe Bambino Docklands --> b192 c36 s1
Sir Basil Café & Restaurant --> b232 c41 s1
Humble Cafe --> b96 c21 s1
Luncheonette Cafe --> b144 c30 s1
